// Jest Snapshot v1, https://goo.gl/fbAQLP

exports[`renders correctly 1`] = `
<div
  className="container-fluid"
>
  <h2>
    Contact Us
  </h2>
  <h3>
    Send us your email and we will get back to you!
  </h3>
  <form>
    <div
      className="mb-3 fields"
    >
      <label
        action="/contact.php"
        className="form-label"
        for="exampleFormControlInput1"
        method="get"
      >
        Email address
      </label>
      <input
        className="form-control"
        id="exampleFormControlInput1"
        name="email"
        type="email"
      />
    </div>
    <div
      className="mb-3 fields"
    >
      <label
        className="form-label"
        for="exampleFormControlTextarea1"
      >
        Issue
      </label>
      <textarea
        className="form-control"
        id="exampleFormControlTextarea1"
        name="issue"
        rows="5"
      />
    </div>
    <button
      className="btn btn-primary"
      type="submit"
    >
      Submit
    </button>
  </form>
</div>
`;
